★ R24 盒长守卫：L = 24.000 µm = 2.96 × 板条长(8.1 µm)
========================================================================================================
_r1_exp  case=mid  nseed=1  N=192  Δx=125.0 nm  L=24.00 µm  steps=500
  形状 {'kind': 'prism', 'L': 2000.0, 'W': 800.0, 'T': 320.0} ；β_h=3.50 β_w=2.30（设计比 1 : 0.100 : 0.030）；norm_smooth=0；nthreads=6
========================================================================================================
构造 368.3 s（含 12 个 argmin_normal + ncmp 66 对）
变体 V1 三轴：n*=[-0.4424 0.4425 -0.7801]  w=[0.7071 0.7071 0.0000]  a=[-0.5516 0.5516 0.6257]
  正交性：n*·w=2.31e-05  n*·a=-5.55e-17  w·a=2.97e-06（引擎的三轴本就不严格正交）
★ 逐轴口径定标（解析长方体 2000×800×320 nm，同一网格 Δx=125.0 nm）：
   L（沿 a ）：选 **maxmin**（偏差 -1.82%，另一条 +4.43%）⇒ 修正因子 ×1.0186
   W（沿 w ）：选 **plusdx**（偏差 +4.01%，另一条 -11.61%）⇒ 修正因子 ×0.9614
   T（沿 n*）：选 **maxmin**（偏差 -0.39%，另一条 +38.67%）⇒ 修正因子 ×1.0039
播种 1 个核；变体序列 [1]
meta.json 已写；引擎 SHA256 = a3e355722b7e…
种子实测：`max−min` L=1964 W=707 T=319 nm ；`+dx` L=2089 W=832 T=444 nm ；**定标后 L=2000 W=800 T=320 nm**（名义 2000/800/320）；胞=270 fill_n=0.684 夹角=0.5°
dt = 5.3571e-08 s（标称位移 18.75 nm/步）；Δf = 3.500e+08 J/m³；盒 24.0 µm
[WindowB] 平流格式 adv_grad='proj2'（DEFAULT）；D17 之前默认是 central，归档读数需显式传 central 才能复现。
  [   4] V=0.5273 µm³ | **定标 L/W/T   2000/  800/ 320 nm** | `max−min`   1964/  707/ 319 | `+dx`   2089/  832/ 444 | **LW= 2.50 LT=  6.25 WT= 2.50** | fill_n=0.684 夹角=0.5° 面a/w/n=7/18/55% g=0.867 13.8s/步 
  [   8] V=0.5586 µm³ | **定标 L/W/T   2140/  800/ 326 nm** | `max−min`   2101/  707/ 325 | `+dx`   2226/  832/ 450 | **LW= 2.68 LT=  6.57 WT= 2.46** | fill_n=0.671 夹角=0.4° 面a/w/n=7/17/54% g=0.846 13.6s/步 
  [  12] V=0.5586 µm³ | **定标 L/W/T   2140/  800/ 326 nm** | `max−min`   2101/  707/ 325 | `+dx`   2226/  832/ 450 | **LW= 2.68 LT=  6.57 WT= 2.46** | fill_n=0.671 夹角=0.4° 面a/w/n=4/16/54% g=0.821 13.8s/步 
  [  16] V=0.5820 µm³ | **定标 L/W/T   2281/  800/ 326 nm** | `max−min`   2239/  707/ 325 | `+dx`   2364/  832/ 450 | **LW= 2.85 LT=  7.00 WT= 2.46** | fill_n=0.658 夹角=0.3° 面a/w/n=4/15/53% g=0.819 14.1s/步 
  [  20] V=0.5820 µm³ | **定标 L/W/T   2281/  800/ 326 nm** | `max−min`   2239/  707/ 325 | `+dx`   2364/  832/ 450 | **LW= 2.85 LT=  7.00 WT= 2.46** | fill_n=0.658 夹角=0.3° 面a/w/n=3/23/49% g=0.837 14.2s/步 
  [  24] V=0.5898 µm³ | **定标 L/W/T   2281/  800/ 326 nm** | `max−min`   2239/  707/ 325 | `+dx`   2364/  832/ 450 | **LW= 2.85 LT=  7.00 WT= 2.46** | fill_n=0.667 夹角=0.1° 面a/w/n=2/23/49% g=0.827 14.8s/步 
  [  28] V=0.5977 µm³ | **定标 L/W/T   2281/  800/ 326 nm** | `max−min`   2239/  707/ 325 | `+dx`   2364/  832/ 450 | **LW= 2.85 LT=  7.00 WT= 2.46** | fill_n=0.676 夹角=0.1° 面a/w/n=2/23/48% g=0.815 14.8s/步 
  [  32] V=0.5977 µm³ | **定标 L/W/T   2281/  800/ 326 nm** | `max−min`   2239/  707/ 325 | `+dx`   2364/  832/ 450 | **LW= 2.85 LT=  7.00 WT= 2.46** | fill_n=0.676 夹角=0.1° 面a/w/n=2/22/47% g=0.805 14.8s/步 
  [  36] V=0.6055 µm³ | **定标 L/W/T   2281/  800/ 346 nm** | `max−min`   2239/  707/ 345 | `+dx`   2364/  832/ 470 | **LW= 2.85 LT=  6.59 WT= 2.31** | fill_n=0.655 夹角=0.2° 面a/w/n=2/21/47% g=0.787 15.0s/步 
  [  40] V=0.6836 µm³ | **定标 L/W/T   2281/  970/ 346 nm** | `max−min`   2239/  884/ 345 | `+dx`   2364/ 1009/ 470 | **LW= 2.35 LT=  6.59 WT= 2.80** | fill_n=0.610 夹角=0.3° 面a/w/n=1/20/47% g=0.784 15.0s/步 
  [  44] V=0.6992 µm³ | **定标 L/W/T   2281/  970/ 346 nm** | `max−min`   2239/  884/ 345 | `+dx`   2364/ 1009/ 470 | **LW= 2.35 LT=  6.59 WT= 2.80** | fill_n=0.624 夹角=0.2° 面a/w/n=1/20/47% g=0.778 15.1s/步 
  [  48] V=0.7227 µm³ | **定标 L/W/T   2281/  970/ 352 nm** | `max−min`   2239/  884/ 351 | `+dx`   2364/ 1009/ 476 | **LW= 2.35 LT=  6.48 WT= 2.75** | fill_n=0.637 夹角=0.0° 面a/w/n=1/19/47% g=0.773 15.2s/步 
  [  52] V=0.7383 µm³ | **定标 L/W/T   2421/  970/ 352 nm** | `max−min`   2377/  884/ 351 | `+dx`   2502/ 1009/ 476 | **LW= 2.50 LT=  6.88 WT= 2.75** | fill_n=0.615 夹角=0.1° 面a/w/n=1/19/48% g=0.771 15.2s/步 
  [  56] V=0.7520 µm³ | **定标 L/W/T   2421/  970/ 352 nm** | `max−min`   2377/  884/ 351 | `+dx`   2502/ 1009/ 476 | **LW= 2.50 LT=  6.88 WT= 2.75** | fill_n=0.626 夹角=0.1° 面a/w/n=1/18/48% g=0.765 15.2s/步 
  [  60] V=0.7637 µm³ | **定标 L/W/T   2501/  970/ 352 nm** | `max−min`   2455/  884/ 351 | `+dx`   2580/ 1009/ 476 | **LW= 2.58 LT=  7.10 WT= 2.75** | fill_n=0.617 夹角=0.1° 面a/w/n=3/16/54% g=0.993 16.4s/步 
  [  64] V=0.7637 µm³ | **定标 L/W/T   2501/  970/ 352 nm** | `max−min`   2455/  884/ 351 | `+dx`   2580/ 1009/ 476 | **LW= 2.58 LT=  7.10 WT= 2.75** | fill_n=0.617 夹角=0.1° 面a/w/n=2/15/54% g=0.988 16.4s/步 
  [  68] V=0.7754 µm³ | **定标 L/W/T   2501/  970/ 373 nm** | `max−min`   2455/  884/ 371 | `+dx`   2580/ 1009/ 496 | **LW= 2.58 LT=  6.71 WT= 2.60** | fill_n=0.600 夹角=0.2° 面a/w/n=2/15/53% g=0.983 16.2s/步 
  [  72] V=0.7988 µm³ | **定标 L/W/T   2651/  970/ 373 nm** | `max−min`   2603/  884/ 371 | `+dx`   2728/ 1009/ 496 | **LW= 2.73 LT=  7.11 WT= 2.60** | fill_n=0.585 夹角=0.4° 面a/w/n=2/14/53% g=0.977 16.2s/步 
  [  76] V=0.8184 µm³ | **定标 L/W/T   2651/  970/ 378 nm** | `max−min`   2603/  884/ 377 | `+dx`   2728/ 1009/ 502 | **LW= 2.73 LT=  7.01 WT= 2.56** | fill_n=0.592 夹角=0.3° 面a/w/n=1/13/53% g=0.971 16.4s/步 
  [  80] V=0.8242 µm³ | **定标 L/W/T   2651/  970/ 378 nm** | `max−min`   2603/  884/ 377 | `+dx`   2728/ 1009/ 502 | **LW= 2.73 LT=  7.01 WT= 2.56** | fill_n=0.597 夹角=0.3° 面a/w/n=1/13/55% g=0.968 16.3s/步 
  [  84] V=0.8242 µm³ | **定标 L/W/T   2651/  970/ 378 nm** | `max−min`   2603/  884/ 377 | `+dx`   2728/ 1009/ 502 | **LW= 2.73 LT=  7.01 WT= 2.56** | fill_n=0.597 夹角=0.3° 面a/w/n=1/13/54% g=0.963 16.1s/步 
  [  88] V=0.8301 µm³ | **定标 L/W/T   2651/  970/ 378 nm** | `max−min`   2603/  884/ 377 | `+dx`   2728/ 1009/ 502 | **LW= 2.73 LT=  7.01 WT= 2.56** | fill_n=0.601 夹角=0.2° 面a/w/n=1/12/54% g=0.957 16.0s/步 
  [  92] V=0.8438 µm³ | **定标 L/W/T   2651/  970/ 378 nm** | `max−min`   2603/  884/ 377 | `+dx`   2728/ 1009/ 502 | **LW= 2.73 LT=  7.01 WT= 2.56** | fill_n=0.611 夹角=0.3° 面a/w/n=1/13/53% g=0.950 15.8s/步 
  [  96] V=0.8574 µm³ | **定标 L/W/T   2721/  970/ 378 nm** | `max−min`   2672/  884/ 377 | `+dx`   2797/ 1009/ 502 | **LW= 2.81 LT=  7.19 WT= 2.56** | fill_n=0.605 夹角=0.3° 面a/w/n=1/13/52% g=0.946 15.6s/步 
  [ 100] V=0.8633 µm³ | **定标 L/W/T   2721/  970/ 378 nm** | `max−min`   2672/  884/ 377 | `+dx`   2797/ 1009/ 502 | **LW= 2.81 LT=  7.19 WT= 2.56** | fill_n=0.610 夹角=0.2° 面a/w/n=1/14/52% g=0.941 15.4s/步 
  [ 104] V=0.8770 µm³ | **定标 L/W/T   2721/  970/ 399 nm** | `max−min`   2672/  884/ 397 | `+dx`   2797/ 1009/ 522 | **LW= 2.81 LT=  6.82 WT= 2.43** | fill_n=0.595 夹角=0.3° 面a/w/n=1/13/51% g=0.938 15.3s/步 
  [ 108] V=0.8945 µm³ | **定标 L/W/T   2721/  970/ 399 nm** | `max−min`   2672/  884/ 397 | `+dx`   2797/ 1009/ 522 | **LW= 2.81 LT=  6.82 WT= 2.43** | fill_n=0.607 夹角=0.4° 面a/w/n=1/13/51% g=0.931 15.1s/步 
  [ 112] V=0.9102 µm³ | **定标 L/W/T   2721/ 1140/ 399 nm** | `max−min`   2672/ 1061/ 397 | `+dx`   2797/ 1186/ 522 | **LW= 2.39 LT=  6.82 WT= 2.86** | fill_n=0.525 夹角=0.4° 面a/w/n=1/13/51% g=0.926 15.0s/步 
