★ R24 盒长守卫：L = 24.000 µm = 2.96 × 板条长(8.1 µm)
========================================================================================================
_r1_exp  case=lath  nseed=1  N=192  Δx=125.0 nm  L=24.00 µm  steps=500
  形状 {'kind': 'prism', 'L': 4000.0, 'W': 500.0, 'T': 250.0} ；β_h=3.50 β_w=2.30（设计比 1 : 0.100 : 0.030）；norm_smooth=0；nthreads=6
========================================================================================================
构造 380.7 s（含 12 个 argmin_normal + ncmp 66 对）
变体 V1 三轴：n*=[-0.4424 0.4425 -0.7801]  w=[0.7071 0.7071 0.0000]  a=[-0.5516 0.5516 0.6257]
  正交性：n*·w=2.31e-05  n*·a=-5.55e-17  w·a=2.97e-06（引擎的三轴本就不严格正交）
★ 逐轴口径定标（解析长方体 4000×500×250 nm，同一网格 Δx=125.0 nm）：
   L（沿 a ）：选 **maxmin**（偏差 -0.33%，另一条 +2.79%）⇒ 修正因子 ×1.0033
   W（沿 w ）：选 **plusdx**（偏差 -4.29%，另一条 -29.29%）⇒ 修正因子 ×1.0448
   T（沿 n*）：选 **maxmin**（偏差 -1.65%，另一条 +48.35%）⇒ 修正因子 ×1.0168
播种 1 个核；变体序列 [1]
meta.json 已写；引擎 SHA256 = a3e355722b7e…
种子实测：`max−min` L=3987 W=354 T=246 nm ；`+dx` L=4112 W=479 T=371 nm ；**定标后 L=4000 W=500 T=250 nm**（名义 4000/500/250）；胞=232 fill_n=0.621 夹角=0.1°
dt = 5.3571e-08 s（标称位移 18.75 nm/步）；Δf = 3.500e+08 J/m³；盒 24.0 µm
[WindowB] 平流格式 adv_grad='proj2'（DEFAULT）；D17 之前默认是 central，归档读数需显式传 central 才能复现。
  [   4] V=0.4531 µm³ | **定标 L/W/T   4000/  500/ 250 nm** | `max−min`   3987/  354/ 246 | `+dx`   4112/  479/ 371 | **LW= 8.00 LT= 16.00 WT= 2.00** | fill_n=0.621 夹角=0.1° 面a/w/n=3/31/49% g=0.899 12.6s/步 
  [   8] V=0.4688 µm³ | **定标 L/W/T   4138/  500/ 259 nm** | `max−min`   4125/  354/ 255 | `+dx`   4250/  479/ 380 | **LW= 8.28 LT= 15.98 WT= 1.93** | fill_n=0.607 夹角=0.1° 面a/w/n=2/30/48% g=0.881 12.7s/步 
  [  12] V=0.5938 µm³ | **定标 L/W/T   4138/  685/ 265 nm** | `max−min`   4125/  530/ 261 | `+dx`   4250/  655/ 386 | **LW= 6.04 LT= 15.62 WT= 2.58** | fill_n=0.553 夹角=0.1° 面a/w/n=2/29/48% g=0.867 13.2s/步 
  [  16] V=0.6406 µm³ | **定标 L/W/T   4277/  685/ 265 nm** | `max−min`   4263/  530/ 261 | `+dx`   4388/  655/ 386 | **LW= 6.25 LT= 16.14 WT= 2.58** | fill_n=0.578 夹角=0.0° 面a/w/n=1/28/48% g=0.861 13.1s/步 
  [  20] V=0.6797 µm³ | **定标 L/W/T   4277/  685/ 283 nm** | `max−min`   4263/  530/ 278 | `+dx`   4388/  655/ 403 | **LW= 6.25 LT= 15.14 WT= 2.42** | fill_n=0.587 夹角=0.1° 面a/w/n=1/26/48% g=0.853 13.2s/步 
  [  24] V=0.6797 µm³ | **定标 L/W/T   4277/  685/ 283 nm** | `max−min`   4263/  530/ 278 | `+dx`   4388/  655/ 403 | **LW= 6.25 LT= 15.14 WT= 2.42** | fill_n=0.587 夹角=0.1° 面a/w/n=1/25/48% g=0.845 13.5s/步 
  [  28] V=0.6875 µm³ | **定标 L/W/T   4277/  685/ 283 nm** | `max−min`   4263/  530/ 278 | `+dx`   4388/  655/ 403 | **LW= 6.25 LT= 15.14 WT= 2.42** | fill_n=0.594 夹角=0.2° 面a/w/n=1/25/48% g=0.838 13.8s/步 
  [  32] V=0.6992 µm³ | **定标 L/W/T   4277/  685/ 283 nm** | `max−min`   4263/  530/ 278 | `+dx`   4388/  655/ 403 | **LW= 6.25 LT= 15.14 WT= 2.42** | fill_n=0.604 夹角=0.1° 面a/w/n=1/24/49% g=0.835 14.0s/步 
  [  36] V=0.7070 µm³ | **定标 L/W/T   4277/  685/ 283 nm** | `max−min`   4263/  530/ 278 | `+dx`   4388/  655/ 403 | **LW= 6.25 LT= 15.14 WT= 2.42** | fill_n=0.610 夹角=0.1° 面a/w/n=1/24/49% g=0.823 14.4s/步 
  [  40] V=0.7148 µm³ | **定标 L/W/T   4277/  685/ 286 nm** | `max−min`   4263/  530/ 281 | `+dx`   4388/  655/ 406 | **LW= 6.25 LT= 14.97 WT= 2.40** | fill_n=0.612 夹角=0.0° 面a/w/n=1/23/49% g=0.813 14.4s/步 
  [  44] V=0.7148 µm³ | **定标 L/W/T   4277/  685/ 286 nm** | `max−min`   4263/  530/ 281 | `+dx`   4388/  655/ 406 | **LW= 6.25 LT= 14.97 WT= 2.40** | fill_n=0.612 夹角=0.0° 面a/w/n=1/22/49% g=0.806 14.5s/步 
  [  48] V=0.7266 µm³ | **定标 L/W/T   4277/  685/ 292 nm** | `max−min`   4263/  530/ 287 | `+dx`   4388/  655/ 412 | **LW= 6.25 LT= 14.67 WT= 2.35** | fill_n=0.614 夹角=0.0° 面a/w/n=1/23/49% g=0.798 14.7s/步 
  [  52] V=0.7344 µm³ | **定标 L/W/T   4277/  685/ 297 nm** | `max−min`   4263/  530/ 293 | `+dx`   4388/  655/ 418 | **LW= 6.25 LT= 14.38 WT= 2.30** | fill_n=0.612 夹角=0.0° 面a/w/n=1/26/47% g=0.803 14.7s/步 
  [  56] V=0.7480 µm³ | **定标 L/W/T   4277/  685/ 297 nm** | `max−min`   4263/  530/ 293 | `+dx`   4388/  655/ 418 | **LW= 6.25 LT= 14.38 WT= 2.30** | fill_n=0.623 夹角=0.1° 面a/w/n=1/26/46% g=0.793 14.8s/步 
  [  60] V=0.7617 µm³ | **定标 L/W/T   4277/  685/ 303 nm** | `max−min`   4263/  530/ 298 | `+dx`   4388/  655/ 423 | **LW= 6.25 LT= 14.10 WT= 2.26** | fill_n=0.626 夹角=0.1° 面a/w/n=1/27/46% g=0.787 14.9s/步 
  [  64] V=0.7656 µm³ | **定标 L/W/T   4277/  685/ 303 nm** | `max−min`   4263/  530/ 298 | `+dx`   4388/  655/ 423 | **LW= 6.25 LT= 14.10 WT= 2.26** | fill_n=0.629 夹角=0.0° 面a/w/n=1/27/46% g=0.784 14.9s/步 
  [  68] V=0.7734 µm³ | **定标 L/W/T   4277/  685/ 303 nm** | `max−min`   4263/  530/ 298 | `+dx`   4388/  655/ 423 | **LW= 6.25 LT= 14.10 WT= 2.26** | fill_n=0.635 夹角=0.0° 面a/w/n=1/26/46% g=0.779 14.9s/步 
  [  72] V=0.7988 µm³ | **定标 L/W/T   4277/  869/ 312 nm** | `max−min`   4263/  707/ 307 | `+dx`   4388/  832/ 432 | **LW= 4.92 LT= 13.69 WT= 2.78** | fill_n=0.506 夹角=0.2° 面a/w/n=1/24/45% g=0.773 15.2s/步 
  [  76] V=0.8359 µm³ | **定标 L/W/T   4277/  869/ 318 nm** | `max−min`   4263/  707/ 313 | `+dx`   4388/  832/ 438 | **LW= 4.92 LT= 13.44 WT= 2.73** | fill_n=0.523 夹角=0.2° 面a/w/n=1/23/46% g=0.768 15.3s/步 
  [  80] V=0.8633 µm³ | **定标 L/W/T   4277/  869/ 324 nm** | `max−min`   4263/  707/ 319 | `+dx`   4388/  832/ 444 | **LW= 4.92 LT= 13.20 WT= 2.68** | fill_n=0.533 夹角=0.2° 面a/w/n=1/21/46% g=0.764 15.2s/步 
  [  84] V=0.8828 µm³ | **定标 L/W/T   4277/  869/ 324 nm** | `max−min`   4263/  707/ 319 | `+dx`   4388/  832/ 444 | **LW= 4.92 LT= 13.20 WT= 2.68** | fill_n=0.545 夹角=0.2° 面a/w/n=1/15/50% g=0.991 16.1s/步 
  [  88] V=0.9004 µm³ | **定标 L/W/T   4277/  869/ 330 nm** | `max−min`   4263/  707/ 325 | `+dx`   4388/  832/ 450 | **LW= 4.92 LT= 12.96 WT= 2.63** | fill_n=0.549 夹角=0.1° 面a/w/n=1/16/50% g=0.990 16.0s/步 
  [  92] V=0.9453 µm³ | **定标 L/W/T   4277/  869/ 330 nm** | `max−min`   4263/  707/ 325 | `+dx`   4388/  832/ 450 | **LW= 4.92 LT= 12.96 WT= 2.63** | fill_n=0.576 夹角=0.1° 面a/w/n=1/16/50% g=0.985 15.9s/步 
  [  96] V=0.9922 µm³ | **定标 L/W/T   4277/  869/ 336 nm** | `max−min`   4263/  707/ 330 | `+dx`   4388/  832/ 455 | **LW= 4.92 LT= 12.74 WT= 2.59** | fill_n=0.597 夹角=0.2° 面a/w/n=1/15/50% g=0.981 15.8s/步 
  [ 100] V=1.0195 µm³ | **定标 L/W/T   4277/  869/ 351 nm** | `max−min`   4263/  707/ 345 | `+dx`   4388/  832/ 470 | **LW= 4.92 LT= 12.19 WT= 2.48** | fill_n=0.594 夹角=0.0° 面a/w/n=1/15/50% g=0.978 15.6s/步 
  [ 104] V=1.0234 µm³ | **定标 L/W/T   4277/  869/ 351 nm** | `max−min`   4263/  707/ 345 | `+dx`   4388/  832/ 470 | **LW= 4.92 LT= 12.19 WT= 2.48** | fill_n=0.597 夹角=0.0° 面a/w/n=1/15/51% g=0.973 15.4s/步 
  [ 108] V=1.0703 µm³ | **定标 L/W/T   4277/  869/ 351 nm** | `max−min`   4263/  707/ 345 | `+dx`   4388/  832/ 470 | **LW= 4.92 LT= 12.19 WT= 2.48** | fill_n=0.624 夹角=0.1° 面a/w/n=1/14/50% g=0.970 15.3s/步 
  [ 112] V=1.0742 µm³ | **定标 L/W/T   4277/  869/ 351 nm** | `max−min`   4263/  707/ 345 | `+dx`   4388/  832/ 470 | **LW= 4.92 LT= 12.19 WT= 2.48** | fill_n=0.626 夹角=0.2° 面a/w/n=0/13/51% g=0.967 15.1s/步 
  [ 116] V=1.0801 µm³ | **定标 L/W/T   4346/  869/ 357 nm** | `max−min`   4331/  707/ 351 | `+dx`   4456/  832/ 476 | **LW= 5.00 LT= 12.19 WT= 2.44** | fill_n=0.612 夹角=0.2° 面a/w/n=0/12/51% g=0.963 15.0s/步 
  [ 120] V=1.0957 µm³ | **定标 L/W/T   4415/  869/ 383 nm** | `max−min`   4400/  707/ 377 | `+dx`   4525/  832/ 502 | **LW= 5.08 LT= 11.52 WT= 2.27** | fill_n=0.580 夹角=0.2° 面a/w/n=0/12/51% g=0.959 14.9s/步 
  [ 124] V=1.1250 µm³ | **定标 L/W/T   4415/  869/ 383 nm** | `max−min`   4400/  707/ 377 | `+dx`   4525/  832/ 502 | **LW= 5.08 LT= 11.52 WT= 2.27** | fill_n=0.595 夹角=0.1° 面a/w/n=0/12/51% g=0.953 14.8s/步 
