====================================================================================================
_r1_normwhy   N=96 Δx=250.0 nm  β_h=3.5 β_w=2.3  设计比 1 : 0.100 : 0.030
====================================================================================================

【N-1 解析敏感度】法向偏差 δ（绕"最陡方向"）对 M/M0 的抬升
  记号：尖端 n=a（理想 M=1）；侧面 n=w（理想 0.100）；宽面 n=n*（理想 0.030）
    δ(°) |     M_尖/M0     M_侧/M0     M_宽/M0 |      M_尖/M_宽     相对33.3
     0.0 |     1.0000     0.1003     0.0302 |        33.12      1.00x
     2.0 |     0.9957     0.1005     0.0303 |        32.83      0.99x
     5.0 |     0.9738     0.1020     0.0310 |        31.40      0.95x
    10.0 |     0.8998     0.1075     0.0336 |        26.81      0.81x
    15.0 |     0.7910     0.1170     0.0382 |        20.72      0.63x
    20.0 |     0.6640     0.1312     0.0455 |        14.60      0.44x
    25.0 |     0.5352     0.1512     0.0564 |         9.49      0.29x
    30.0 |     0.4169     0.1782     0.0724 |         5.75      0.17x
  ⇒ **慢方向的 M 是"谷底"，噪声只会把它抬高**（单边）
     所以测到的"有效各向异性比"**必然低于设计**，且随法向噪声单调塌缩。

【N-2 实测】在真实演化态上量 `n_raw` vs `n_sm`（norm_smooth=2）
  种子 {'kind': 'prism', 'L': 4000.0, 'W': 1600.0, 'T': 640.0}（L/W/T = 4000/1600/640 nm）⇒ 16.0/6.4/2.6 胞
[WindowB] 平流格式 adv_grad='proj2'（DEFAULT）；D17 之前默认是 central，归档读数需显式传 central 才能复现。
  已推进 120 步（norm_smooth=0，与基线臂一致）；演化态已缓存到 /mnt/f/speed_up/pipeline/ca_pf_framework/_r1_normwhy_state.npz
  带内（|d|≤1.5dx）胞数 = 986 ；`|∇d|` 中位 = 0.8056（应 ≈2，因为 d=φ_k−φ_l）

  平滑 m         M̄尖端       M̄侧面       M̄宽面       M̄全体 |        M̄尖/M̄宽       相对设计
  0          0.4261     0.1009     0.0502     0.0969 |           8.48      0.26x
  1          0.5325     0.0976     0.0426     0.0944 |          12.51      0.38x
  2          0.4874     0.0913     0.0367     0.0931 |          13.30      0.40x
  4          0.5264     0.0926     0.0422     0.1068 |          12.48      0.38x

  面族占比（按**法向最接近哪条轴**分族）：
    m=0  |n·a|最大 8.9%   |n·w|最大 26.0%   |n·n*|最大 65.1%
    m=1  |n·a|最大 7.0%   |n·w|最大 31.8%   |n·n*|最大 61.2%
    m=2  |n·a|最大 10.0%   |n·w|最大 20.5%   |n·n*|最大 69.5%
    m=4  |n·a|最大 9.9%   |n·w|最大 32.7%   |n·n*|最大 57.4%

====================================================================================================
N-3 判定：看 `M̄尖/M̄宽` 这一列 —— 设计值 33.12；
  若它在 m=0 时**远低于**设计、随 m 上升而**回升** ⇒ 机理确认（法向噪声压缩各向异性）。
  若 m=0 与 m=2 差别不大 ⇒ 机理否证，另找原因。
====================================================================================================
