====================================================================================================
_r1_variant_groups  NV=12  容差 5.0°  （|cos| ≥ 0.9962 视为同向）
====================================================================================================

各变体的三轴：
  k    n*（惯习面法向）                  a（长轴）                      w（宽向）                     
  1    [-0.4424 +0.4425 -0.7801]  [-0.4909 +0.4909 +0.7198]  [+0.7071 +0.7071 +0.0000]
  2    [+0.4913 -0.4913 +0.7192]  [+0.4421 -0.4421 -0.7804]  [+0.7071 +0.7071 -0.0000]
  3    [+0.4425 +0.4424 +0.7801]  [+0.4909 +0.4909 -0.7198]  [-0.7071 +0.7071 -0.0000]
  4    [+0.4913 +0.4913 +0.7192]  [-0.4421 -0.4421 +0.7804]  [-0.7071 +0.7071 +0.0000]
  5    [-0.4913 +0.7192 +0.4913]  [+0.4421 +0.7804 -0.4421]  [+0.7071 -0.0000 +0.7071]
  6    [+0.4913 +0.7192 -0.4913]  [-0.4421 +0.7804 +0.4421]  [-0.7071 -0.0000 -0.7071]
  7    [+0.4913 -0.7192 +0.4913]  [-0.4421 -0.7804 -0.4421]  [-0.7071 +0.0000 +0.7071]
  8    [-0.4425 +0.7801 -0.4424]  [+0.4909 +0.7198 +0.4909]  [-0.7071 -0.0000 +0.7071]
  9    [-0.7192 +0.4913 -0.4913]  [+0.7804 +0.4421 -0.4421]  [+0.0000 -0.7071 -0.7071]
  10   [-0.7192 -0.4913 +0.4913]  [-0.7804 +0.4421 -0.4421]  [+0.0000 +0.7071 +0.7071]
  11   [+0.7192 -0.4913 -0.4913]  [+0.7804 +0.4421 +0.4421]  [+0.0000 +0.7071 -0.7071]
  12   [+0.7192 +0.4913 +0.4913]  [-0.7804 +0.4421 +0.4421]  [+0.0000 -0.7071 +0.7071]

----------------------------------------------------------------------------------------------------
★ **packet（同一惯习面族）**  共 12 组：
   packet-1：变体 [1]   （n* = [-0.4424 +0.4425 -0.7801]）
   packet-2：变体 [2]   （n* = [+0.4913 -0.4913 +0.7192]）
   packet-3：变体 [3]   （n* = [+0.4425 +0.4424 +0.7801]）
   packet-4：变体 [4]   （n* = [+0.4913 +0.4913 +0.7192]）
   packet-5：变体 [5]   （n* = [-0.4913 +0.7192 +0.4913]）
   packet-6：变体 [6]   （n* = [+0.4913 +0.7192 -0.4913]）
   packet-7：变体 [7]   （n* = [+0.4913 -0.7192 +0.4913]）
   packet-8：变体 [8]   （n* = [-0.4425 +0.7801 -0.4424]）
   packet-9：变体 [9]   （n* = [-0.7192 +0.4913 -0.4913]）
   packet-10：变体 [10]   （n* = [-0.7192 -0.4913 +0.4913]）
   packet-11：变体 [11]   （n* = [+0.7192 -0.4913 -0.4913]）
   packet-12：变体 [12]   （n* = [+0.7192 +0.4913 +0.4913]）
   族间夹角：p1–p2 = 5.28°  p1–p3 = 52.52°  p1–p4 = 55.87°  p1–p5 = 81.24°  p1–p6 = 61.05°  p1–p7 = 23.25°  p1–p8 = 27.62°  p1–p9 = 23.25°  p1–p10 = 73.60°  p1–p11 = 81.24°  p1–p12 = 61.05°  p2–p3 = 55.87°  p2–p4 = 58.85°  p2–p5 = 76.03°  p2–p6 = 62.27°  p2–p7 = 18.55°  p2–p8 = 23.25°  p2–p9 = 18.55°  p2–p10 = 76.03°  p2–p11 = 76.03°  p2–p12 = 62.27°  p3–p4 = 5.27°  p3–p5 = 61.05°  p3–p6 = 81.24°  p3–p7 = 73.60°  p3–p8 = 78.71°  p3–p9 = 61.05°  p3–p10 = 81.24°  p3–p11 = 73.60°  p3–p12 = 23.25°  p4–p5 = 62.27°  p4–p6 = 76.03°  p4–p7 = 76.03°  p4–p8 = 81.24°  p4–p9 = 62.27°  p4–p10 = 76.03°  p4–p11 = 76.03°  p4–p12 = 18.55°  p5–p6 = 88.02°  p5–p7 = 58.85°  p5–p8 = 55.87°  p5–p9 = 62.27°  p5–p10 = 76.03°  p5–p11 = 18.55°  p5–p12 = 76.03°  p6–p7 = 58.85°  p6–p8 = 55.87°  p6–p9 = 76.03°  p6–p10 = 18.55°  p6–p11 = 76.03°  p6–p12 = 62.27°  p7–p8 = 5.28°  p7–p9 = 18.55°  p7–p10 = 76.03°  p7–p11 = 62.27°  p7–p12 = 76.03°  p8–p9 = 23.25°  p8–p10 = 73.60°  p8–p11 = 61.05°  p8–p12 = 81.23°  p9–p10 = 88.02°  p9–p11 = 58.85°  p9–p12 = 58.85°  p10–p11 = 58.85°  p10–p12 = 58.85°  p11–p12 = 88.02°  

----------------------------------------------------------------------------------------------------
★ **colony（同族 + 同长轴）**  共 12 组：
   colony-1（属 packet-1）：变体 [1]
   colony-2（属 packet-2）：变体 [2]
   colony-3（属 packet-3）：变体 [3]
   colony-4（属 packet-4）：变体 [4]
   colony-5（属 packet-5）：变体 [5]
   colony-6（属 packet-6）：变体 [6]
   colony-7（属 packet-7）：变体 [7]
   colony-8（属 packet-8）：变体 [8]
   colony-9（属 packet-9）：变体 [9]
   colony-10（属 packet-10）：变体 [10]
   colony-11（属 packet-11）：变体 [11]
   colony-12（属 packet-12）：变体 [12]

----------------------------------------------------------------------------------------------------
★ **block（同变体 / 完全平行）**  共 12 组：
   block-1：变体 [1]
   block-2：变体 [2]
   block-3：变体 [3]
   block-4：变体 [4]
   block-5：变体 [5]
   block-6：变体 [6]
   block-7：变体 [7]
   block-8：变体 [8]
   block-9：变体 [9]
   block-10：变体 [10]
   block-11：变体 [11]
   block-12：变体 [12]

====================================================================================================
★★ **用 Burgers 对应关系重新分组**（不用 `NPF`）
====================================================================================================
为什么必须换：`NPF` 来自 `argmin_normal` 的**微弹性**最优法向（PTMT 惯习面），
  它是**无理数面**、12 个变体**各不相同**（上面实测：没有两个在 5° 内同族，
  但有 3 对只差 **5.28°** —— 那不是晶体学角，是微弹性的近简并）。
  ⇒ **`NPF` 给不出 packet/colony/block**。
  Burgers OR 里 `(0001)_α ∥ {110}_β` ⇒ **hcp 的 c 轴方向本身就给出 {110}_β 法向族** ⇒
  **packet = 按 c 轴（±）分组**。

各变体的 hcp c 轴：
   V1   c = [+0.7071 +0.7071 +0.0000]
   V2   c = [+0.7071 +0.7071 +0.0000]
   V3   c = [+0.7071 -0.7071 +0.0000]
   V4   c = [+0.7071 -0.7071 +0.0000]
   V5   c = [+0.7071 +0.0000 +0.7071]
   V6   c = [+0.7071 +0.0000 +0.7071]
   V7   c = [+0.7071 +0.0000 -0.7071]
   V8   c = [+0.7071 +0.0000 -0.7071]
   V9   c = [+0.0000 +0.7071 +0.7071]
   V10  c = [+0.0000 +0.7071 +0.7071]
   V11  c = [+0.0000 +0.7071 -0.7071]
   V12  c = [+0.0000 +0.7071 -0.7071]

★ **packet（同 {110}_β 族 = 同 c 轴）**  共 6 组：
   packet-1：变体 [1, 2]    c = [+0.7071 +0.7071 +0.0000]
   packet-2：变体 [3, 4]    c = [+0.7071 -0.7071 +0.0000]
   packet-3：变体 [5, 6]    c = [+0.7071 +0.0000 +0.7071]
   packet-4：变体 [7, 8]    c = [+0.7071 +0.0000 -0.7071]
   packet-5：变体 [9, 10]    c = [+0.0000 +0.7071 +0.7071]
   packet-6：变体 [11, 12]    c = [+0.0000 +0.7071 -0.7071]
   族间夹角（应接近 60° 或 90°，即 {110}_β 之间的夹角）：
      packet-1 – packet-2 = 90.00°      packet-1 – packet-3 = 60.00°      packet-1 – packet-4 = 60.00°      packet-1 – packet-5 = 60.00°      packet-1 – packet-6 = 60.00°      packet-2 – packet-3 = 60.00°      packet-2 – packet-4 = 60.00°      packet-2 – packet-5 = 60.00°      packet-2 – packet-6 = 60.00°      packet-3 – packet-4 = 90.00°      packet-3 – packet-5 = 60.00°      packet-3 – packet-6 = 60.00°      packet-4 – packet-5 = 60.00°      packet-4 – packet-6 = 60.00°      packet-5 – packet-6 = 90.00°

★ 与 `NPF` 分组的**对照**（证伪"`NPF` 能当 packet 用"）：
   `NPF` 分组 = 12 组（每组 1 个变体）
   c 轴分组  = 6 组：[2, 2, 2, 2, 2, 2]
  实验 4「多个板条状晶核 → 组成块」：所有核用**同一个变体 k**（= 同一个 block）
    · 判据 B-1：各核长轴与 a_k 的夹角 ≤ 20°（平行）
    · 判据 B-2：最终 `region()` 里变体 k **连通成一个分量**（`ncomp==1`）
    · 判据 B-3：板条**间距**与**宽度**同量级（文献 lath width 0.9 µm）
  实验 7「自协调」：用**同一 packet 内不同 colony**（如 [2]）
    · 判据 S-1：分族测**弹性能** `E_el`，与"随机指派同体积分数"的对照比，观测构型必须**更低**
    · 判据 S-2：各组体积分数向**自协调配比**（Burgers 的惯习面族间 ≈ 等分）靠拢
====================================================================================================
